ok - an abandoned same-process lock hold is reclaimed; a parent's live hold is not
ok - foreign secondmate queue stalls notify once, remain byte-stable, and stay quiet when empty or healthy
ok - a mid-turn mate is not reported as a stalled wake loop until it is measurably behind
ok - a mate holding a deep, hours-old backlog reports its depth and keeps reporting on a bounded interval
ok - secondmate stall markers reject symlinks without touching their targets
ok - stall publication acknowledgement closes the pre-marker crash window
ok - empty prefix mate cleanup preserves another mate's stall receipt
ok - self-announced appends suppress only their own bytes and fail toward waking
ok - historical annotations replay nothing already announced and keep everything new
WAKE_ACK_REQUIRED: after handling completes run bin/fm-wake-drain.sh --ack-through 6 --recovery-generation 619985.1787675556.M6Lfvu
ok - concurrent append plus drain preserves durable records through acknowledgement
ok - signal written while no watcher runs is caught on next run
WAKE_ACK_REQUIRED: after handling completes run bin/fm-wake-drain.sh --ack-through 1 --recovery-generation 679025.1787675594.5Z3DTv
WARNING: queued wakes pending - drain them with bin/fm-wake-drain.sh before anything else.
ok - stale wake is queued before suppressor state is advanced
WAKE_ACK_REQUIRED: after handling completes run bin/fm-wake-drain.sh --ack-through 1 --recovery-generation 684496.1787675598.JcFa2w
WARNING: queued wakes pending - drain them with bin/fm-wake-drain.sh before anything else.
ok - a not-provably-working stale wake is queued before its suppressor is advanced
WAKE_ACK_REQUIRED: after handling completes run bin/fm-wake-drain.sh --ack-through 1 --recovery-generation 687961.1787675602.3Mr73a
ok - registered custom check output is queued before cadence suppression
ok - concurrent drains replay until one post-handling acknowledgement consumes records
WAKE_ACK_REQUIRED: after handling completes run bin/fm-wake-drain.sh --ack-through 4 --recovery-generation 692598.1787675606.350fYu
ok - drain collapses obvious duplicate heartbeat and signal records
WAKE_ACK_REQUIRED: after handling completes run bin/fm-wake-drain.sh --ack-through 2 --recovery-generation 695101.1787675607.oiuv6T
WAKE_ACK_REQUIRED: after handling completes run bin/fm-wake-drain.sh --ack-through 6 --recovery-generation 695101.1787675607.oiuv6T
WAKE_ACK_REQUIRED: after handling completes run bin/fm-wake-drain.sh --ack-through 8 --recovery-generation 695101.1787675607.oiuv6T
●━━━━━━━━━━━━━━━━━━━━━━━━━━━━━━━━━━━━━━━━━━━━━━━━━━━━━━━━━━━━━━━━━━━━━━━
●  WATCHER DOWN - SUPERVISION IS OFF
●  1 task(s) in flight, but no watcher has a fresh beacon (last beat: never, grace 300s).
●  Trust the emitted supervision protocol for this harness; do not use shell & for watcher repair.
●  This is a supervision warning only; the guarded operation WILL still run.
●  After draining queued wakes, watcher supervision needs Stop-owned automatic recovery; inspect the hook registration and startup status before ending the turn.
●━━━━━━━━━━━━━━━━━━━━━━━━━━━━━━━━━━━━━━━━━━━━━━━━━━━━━━━━━━━━━━━━━━━━━━━
WARNING: queued wakes pending - drain them with bin/fm-wake-drain.sh before anything else.
WAKE_ACK_REQUIRED: after handling completes run bin/fm-wake-drain.sh --ack-through 9 --recovery-generation 695101.1787675607.oiuv6T
WARNING: watcher still down (same stale episode; last beat: never, grace 300s) - full banner already printed this episode.
WARNING: queued wakes pending - drain them with bin/fm-wake-drain.sh before anything else.
ok - the drain drops a retired worker's records and never a live worker's
ok - the orphan sweep reaps both stale marker classes and spares live and recent markers
ok - the delivery-ledger purge takes whole reason tokens and spares prefix siblings
WAKE_ACK_REQUIRED: after handling completes run bin/fm-wake-drain.sh --ack-through 1 --recovery-generation 703859.1787675614.4SLQEE
ok - a tombstoned id never suppresses a pane that merely ends in it
ok - retirement purges a dotted id's seen markers under the watcher's own names
ok - drain asserts watcher liveness: warns on a lapse, stays silent for a live watcher with a fresh beacon
WAKE_ACK_REQUIRED: after handling completes run bin/fm-wake-drain.sh --ack-through 8 --recovery-generation 707192.1787675616.sC9XNJ
ok - structural signal enrichment is separate, deduped, home-local, and tier-zero for other wakes
WAKE_ACK_REQUIRED: after handling completes run bin/fm-wake-drain.sh --ack-through 13 --recovery-generation 711549.1787675619.oVYNkK
ok - every readable unread status line is annotated in full while invalid status files preserve their raw wakes
WAKE_ACK_REQUIRED: after handling completes run bin/fm-wake-drain.sh --ack-through 1 --recovery-generation 716219.1787675623.4dwkXO
WAKE_ACK_REQUIRED: after handling completes run bin/fm-wake-drain.sh --ack-through 2 --recovery-generation 716219.1787675623.4dwkXO
ok - slow annotation releases the append lock and a deleted status file fails open
WAKE_ACK_REQUIRED: after handling completes run bin/fm-wake-drain.sh --ack-through 1 --recovery-generation existing
ok - wake append publishes atomic recovery evidence before durable rows
ok - wake drain: generation-less legacy wakes are adopted and acknowledged
ok - wake drain: a stale acknowledgement cannot retire or consume a newer recovery episode
ok - wake drain: recovery acknowledgement failures are explicit and retryable
ok - interruptions preserve durable rows until post-handling acknowledgement
