ok - signal_reason_is_actionable: benign absorbed, captain verbs and coalesced batches surfaced
ok - stale_is_terminal: terminal status surfaces, non-terminal and no-status are benign
ok - scan_captain_relevant_statuses lists only captain-relevant statuses
ok - classifier primitives: keyed decisions and activity phases, captain relevance, window-to-task, and overrides
ok - crew_is_provably_working: only working+run-step/pane is provable; idle/finished/parked/failed/unknown surface
ok - status_is_paused: only the leading paused verb matches, paused is not captain-relevant, and the two declared-wait verbs stay separable
ok - crew_absorb_class: working/paused/none from one read; crew_absorb_state adds its source; crew_is_paused and crew_is_provably_working agree
ok - crew_worktree_written_since: real writes are evidence; no worktree, no anchor, quiet trees, .git churn and a mate's own home are not
ok - an empty FM_WORKTREE_WRITE_PRUNE widens the probe to the whole depth-bounded tree instead of disabling it
ok - an empty FM_WORKTREE_WRITE_PRUNE exported into the environment prunes nothing, widening the probe
ok - the worktree write probe is wall-clock bounded, and hitting the bound reads as no write evidence
ok - signal_crew_provably_working: benign only when every referenced crew is provably working
ok - a secondmate's status signal is never absorbed as provably working; crewmates are unaffected
ok - a no-verb signal whose crew is provably working is absorbed (no exit, no queue, suppressor advanced, beacon present)
ok - a bare turn-end whose crew is provably working (busy pane) is absorbed
ok - a bare turn-end whose crew is not provably working is surfaced (the swallowed-finish fix)
ok - a no-verb working: note whose crew is idle with no running pipeline is surfaced
ok - a secondmate's status note surfaces even while its own agent is busy
ok - a self-announced close never wakes its own home, and the next real note still does
ok - captain-relevant signal is surfaced (queue + exit) and marked surfaced
ok - a stale pane sitting on a terminal status is surfaced (queue + exit)
not ok - watcher exited for a stale terminal-looking status the run-step overrides (should absorb): 
